// Jest Snapshot v1, https://goo.gl/fbAQLP

exports[`Header Component renders without crashing 1`] = `
<nav
  className="navbar navbar-expand-lg navbar-light bg-light"
>
  <div
    className="container"
  >
    <NavLink
      activeClassName="active"
      ariaCurrent="true"
      className="navbar-brand"
      to="/"
    >
      Simple Project Time Tracker
    </NavLink>
    <div
      className="collapse navbar-collapse"
      id="navbarSupportedContent"
    >
      <ul
        className="navbar-nav mr-auto"
      >
        <li
          className="nav-item"
        >
          <NavLink
            activeClassName="active"
            ariaCurrent="true"
            className="nav-link"
            to="/timeregistrations"
          >
            Time Registrations
          </NavLink>
        </li>
        <li
          className="nav-item"
        >
          <NavLink
            activeClassName="active"
            ariaCurrent="true"
            className="nav-link"
            to="/projects"
          >
            Projects
          </NavLink>
        </li>
        <li
          className="nav-item"
        >
          <NavLink
            activeClassName="active"
            ariaCurrent="true"
            className="nav-link"
            to="/invoices"
          >
            Invoices
          </NavLink>
        </li>
      </ul>
    </div>
  </div>
</nav>
`;

exports[`Header Component should render without crashing 1`] = `
<nav
  className="navbar navbar-expand-lg navbar-light bg-light"
>
  <div
    className="container"
  >
    <NavLink
      activeClassName="active"
      ariaCurrent="true"
      className="navbar-brand"
      to="/"
    >
      Simple Project Time Tracker
    </NavLink>
    <div
      className="collapse navbar-collapse"
      id="navbarSupportedContent"
    >
      <ul
        className="navbar-nav mr-auto"
      >
        <li
          className="nav-item"
        >
          <NavLink
            activeClassName="active"
            ariaCurrent="true"
            className="nav-link"
            to="/timeregistrations"
          >
            Time Registrations
          </NavLink>
        </li>
        <li
          className="nav-item"
        >
          <NavLink
            activeClassName="active"
            ariaCurrent="true"
            className="nav-link"
            to="/projects"
          >
            Projects
          </NavLink>
        </li>
        <li
          className="nav-item"
        >
          <NavLink
            activeClassName="active"
            ariaCurrent="true"
            className="nav-link"
            to="/invoices"
          >
            Invoices
          </NavLink>
        </li>
      </ul>
    </div>
  </div>
</nav>
`;
